2025-04-19 16:52:48,910 DEBUG Ïä§ÌÉÄÏùºÏãúÌä∏ Î°úÎìú ÏÑ±Í≥µ
2025-04-19 16:52:54,957 INFO Scanning folder: H:/yangame/Î∞©Ï£º/ÌÖåÏä§Ìä∏
2025-04-19 16:52:54,958 DEBUG Clean RJ code: RJ263090 Ïû•ÎÇúÍ∞ê ÏÜåÎÖÄ 2 Blue Witch‚ÜíBlue Bitch.rar -> Ïû•ÎÇúÍ∞ê ÏÜåÎÖÄ 2 Blue Witch‚ÜíBlue Bitch.rar
2025-04-19 16:52:54,958 DEBUG File: RJ263090 Ïû•ÎÇúÍ∞ê ÏÜåÎÖÄ 2 Blue Witch‚ÜíBlue Bitch.rar, Extracted rj_code: 'RJ263090', Original title: 'Ïû•ÎÇúÍ∞ê ÏÜåÎÖÄ 2 Blue Witch‚ÜíBlue Bitch.rar'
2025-04-19 16:52:54,961 DEBUG Clean RJ code: RJ331162 v1.1.17.7z -> v1.1.17.7z
2025-04-19 16:52:54,961 DEBUG File: RJ331162 v1.1.17.7z, Extracted rj_code: 'RJ331162', Original title: 'v1.1.17.7z'
2025-04-19 16:52:54,963 DEBUG Clean RJ code: RJ413232[„É¨„Éà„É≠„É©„Éú]ÏïºÎØ∏ÏïºÏãúÌÇ§ Ï≤¥ÌóòÌåê-Î≤àÏó≠1Ï∞®.zip -> [„É¨„Éà„É≠„É©„Éú]ÏïºÎØ∏ÏïºÏãúÌÇ§ Ï≤¥ÌóòÌåê-Î≤àÏó≠1Ï∞®.zip
2025-04-19 16:52:54,963 DEBUG File: RJ413232[„É¨„Éà„É≠„É©„Éú]ÏïºÎØ∏ÏïºÏãúÌÇ§ Ï≤¥ÌóòÌåê-Î≤àÏó≠1Ï∞®.zip, Extracted rj_code: 'RJ413232', Original title: '[„É¨„Éà„É≠„É©„Éú]ÏïºÎØ∏ÏïºÏãúÌÇ§ Ï≤¥ÌóòÌåê-Î≤àÏó≠1Ï∞®.zip'
2025-04-19 16:52:54,972 DEBUG üîÅ update_select_all_state Ìò∏Ï∂úÎê®
2025-04-19 16:52:54,972 DEBUG    ‚ùé Ï†ÑÏ≤¥ Ìï¥Ï†úÎê® ‚Üí select_all_box.setChecked(False)
2025-04-19 16:52:56,133 INFO Starting fetch for 3 items
2025-04-19 16:52:56,133 DEBUG Request item: {'rj_code': 'RJ263090', 'platform': 'rj', 'title': 'RJ263090 Ïû•ÎÇúÍ∞ê ÏÜåÎÖÄ 2 Blue Witch‚ÜíBlue Bitch.rar'}
2025-04-19 16:52:56,133 DEBUG Request item: {'rj_code': 'RJ331162', 'platform': 'rj', 'title': 'RJ331162 v1.1.17.7z'}
2025-04-19 16:52:56,133 DEBUG Request item: {'rj_code': 'RJ413232', 'platform': 'rj', 'title': 'RJ413232[„É¨„Éà„É≠„É©„Éú]ÏïºÎØ∏ÏïºÏãúÌÇ§ Ï≤¥ÌóòÌåê-Î≤àÏó≠1Ï∞®.zip'}
2025-04-19 16:52:56,133 DEBUG Sending POST request to https://gamesorter-28083845590.us-central1.run.app/games
2025-04-19 16:52:56,138 DEBUG Starting new HTTPS connection (1): gamesorter-28083845590.us-central1.run.app:443
2025-04-19 16:52:56,852 DEBUG https://gamesorter-28083845590.us-central1.run.app:443 "POST /games HTTP/1.1" 200 109
2025-04-19 16:52:56,854 INFO Initial server response: 0 items
2025-04-19 16:52:56,854 WARNING [core] ÏÑúÎ≤Ñ ÏùëÎãµ missing Í∞úÏàò: 3
2025-04-19 16:52:56,854 INFO Fetching DLsite data for RJ263090
2025-04-19 16:52:56,855 DEBUG Starting new HTTPS connection (1): www.dlsite.com:443
2025-04-19 16:52:57,453 DEBUG https://www.dlsite.com:443 "GET /maniax/work/=/product_id/RJ263090.html HTTP/1.1" 404 None
2025-04-19 16:52:57,454 ERROR Error fetching DLsite data for RJ263090: DLsite fetch failed: Status 404
Traceback (most recent call last):
  File "E:\Projects\game-sort\core.py", line 95, in get_dlsite_data
    raise Exception(f"DLsite fetch failed: Status {response.status_code}")
Exception: DLsite fetch failed: Status 404
2025-04-19 16:52:57,457 DEBUG Sending POST request to https://gamesorter-28083845590.us-central1.run.app/games
2025-04-19 16:52:57,459 DEBUG Starting new HTTPS connection (1): gamesorter-28083845590.us-central1.run.app:443
2025-04-19 16:52:58,139 DEBUG https://gamesorter-28083845590.us-central1.run.app:443 "POST /games HTTP/1.1" 200 376
2025-04-19 16:52:58,141 INFO [core] ÌÅ¨Î°§ÎßÅ Î∞è Ï†ÄÏû• ÏôÑÎ£å: RJ263090
2025-04-19 16:52:58,141 INFO Fetching DLsite data for RJ331162
2025-04-19 16:52:58,142 DEBUG Starting new HTTPS connection (1): www.dlsite.com:443
2025-04-19 16:52:58,798 DEBUG https://www.dlsite.com:443 "GET /maniax/work/=/product_id/RJ331162.html HTTP/1.1" 404 None
2025-04-19 16:52:58,800 ERROR Error fetching DLsite data for RJ331162: DLsite fetch failed: Status 404
Traceback (most recent call last):
  File "E:\Projects\game-sort\core.py", line 95, in get_dlsite_data
    raise Exception(f"DLsite fetch failed: Status {response.status_code}")
Exception: DLsite fetch failed: Status 404
2025-04-19 16:52:58,801 DEBUG Sending POST request to https://gamesorter-28083845590.us-central1.run.app/games
2025-04-19 16:52:58,802 DEBUG Starting new HTTPS connection (1): gamesorter-28083845590.us-central1.run.app:443
2025-04-19 16:52:59,501 DEBUG https://gamesorter-28083845590.us-central1.run.app:443 "POST /games HTTP/1.1" 200 376
2025-04-19 16:52:59,503 INFO [core] ÌÅ¨Î°§ÎßÅ Î∞è Ï†ÄÏû• ÏôÑÎ£å: RJ331162
2025-04-19 16:52:59,503 INFO Fetching DLsite data for RJ413232
2025-04-19 16:52:59,504 DEBUG Starting new HTTPS connection (1): www.dlsite.com:443
2025-04-19 16:53:00,184 DEBUG https://www.dlsite.com:443 "GET /maniax/work/=/product_id/RJ413232.html HTTP/1.1" 404 None
2025-04-19 16:53:00,185 ERROR Error fetching DLsite data for RJ413232: DLsite fetch failed: Status 404
Traceback (most recent call last):
  File "E:\Projects\game-sort\core.py", line 95, in get_dlsite_data
    raise Exception(f"DLsite fetch failed: Status {response.status_code}")
Exception: DLsite fetch failed: Status 404
2025-04-19 16:53:00,187 DEBUG Sending POST request to https://gamesorter-28083845590.us-central1.run.app/games
2025-04-19 16:53:00,188 DEBUG Starting new HTTPS connection (1): gamesorter-28083845590.us-central1.run.app:443
2025-04-19 16:53:00,885 DEBUG https://gamesorter-28083845590.us-central1.run.app:443 "POST /games HTTP/1.1" 200 376
2025-04-19 16:53:00,887 INFO [core] ÌÅ¨Î°§ÎßÅ Î∞è Ï†ÄÏû• ÏôÑÎ£å: RJ413232
2025-04-19 16:53:00,887 INFO Fetching DLsite data for RJ263090
2025-04-19 16:53:00,888 DEBUG Starting new HTTPS connection (1): www.dlsite.com:443
2025-04-19 16:53:01,493 DEBUG https://www.dlsite.com:443 "GET /maniax/work/=/product_id/RJ263090.html HTTP/1.1" 404 None
2025-04-19 16:53:01,494 ERROR Error fetching DLsite data for RJ263090: DLsite fetch failed: Status 404
Traceback (most recent call last):
  File "E:\Projects\game-sort\core.py", line 95, in get_dlsite_data
    raise Exception(f"DLsite fetch failed: Status {response.status_code}")
Exception: DLsite fetch failed: Status 404
2025-04-19 16:53:01,496 DEBUG Local crawl success for RJ263090: 
2025-04-19 16:53:01,496 DEBUG Sending POST request to https://gamesorter-28083845590.us-central1.run.app/games
2025-04-19 16:53:01,497 DEBUG Starting new HTTPS connection (1): gamesorter-28083845590.us-central1.run.app:443
2025-04-19 16:53:02,181 DEBUG https://gamesorter-28083845590.us-central1.run.app:443 "POST /games HTTP/1.1" 200 376
2025-04-19 16:53:02,183 INFO Fetching DLsite data for RJ331162
2025-04-19 16:53:02,184 DEBUG Starting new HTTPS connection (1): www.dlsite.com:443
2025-04-19 16:53:02,785 DEBUG https://www.dlsite.com:443 "GET /maniax/work/=/product_id/RJ331162.html HTTP/1.1" 404 None
2025-04-19 16:53:02,787 ERROR Error fetching DLsite data for RJ331162: DLsite fetch failed: Status 404
Traceback (most recent call last):
  File "E:\Projects\game-sort\core.py", line 95, in get_dlsite_data
    raise Exception(f"DLsite fetch failed: Status {response.status_code}")
Exception: DLsite fetch failed: Status 404
2025-04-19 16:53:02,788 DEBUG Local crawl success for RJ331162: 
2025-04-19 16:53:02,788 DEBUG Sending POST request to https://gamesorter-28083845590.us-central1.run.app/games
2025-04-19 16:53:02,790 DEBUG Starting new HTTPS connection (1): gamesorter-28083845590.us-central1.run.app:443
2025-04-19 16:53:03,472 DEBUG https://gamesorter-28083845590.us-central1.run.app:443 "POST /games HTTP/1.1" 200 374
2025-04-19 16:53:03,474 INFO Fetching DLsite data for RJ413232
2025-04-19 16:53:03,475 DEBUG Starting new HTTPS connection (1): www.dlsite.com:443
2025-04-19 16:53:04,160 DEBUG https://www.dlsite.com:443 "GET /maniax/work/=/product_id/RJ413232.html HTTP/1.1" 404 None
2025-04-19 16:53:04,161 ERROR Error fetching DLsite data for RJ413232: DLsite fetch failed: Status 404
Traceback (most recent call last):
  File "E:\Projects\game-sort\core.py", line 95, in get_dlsite_data
    raise Exception(f"DLsite fetch failed: Status {response.status_code}")
Exception: DLsite fetch failed: Status 404
2025-04-19 16:53:04,163 DEBUG Local crawl success for RJ413232: 
2025-04-19 16:53:04,163 DEBUG Sending POST request to https://gamesorter-28083845590.us-central1.run.app/games
2025-04-19 16:53:04,164 DEBUG Starting new HTTPS connection (1): gamesorter-28083845590.us-central1.run.app:443
2025-04-19 16:53:04,868 DEBUG https://gamesorter-28083845590.us-central1.run.app:443 "POST /games HTTP/1.1" 200 376
2025-04-19 16:53:04,870 INFO Returning 3 results
2025-04-19 16:53:04,872 INFO Received game_data (length=3):
2025-04-19 16:53:04,872 INFO [0] => {"error": "Game not found for RJ263090", "link": "", "maker": "", "permanent_error": true, "platform": "rj", "primary_tag": "Í∏∞ÌÉÄ", "rating": 0.0, "release_date": "N/A", "rj_code": "RJ263090", "status": "404", "tags": [], "tags_jp": [], "thumbnail_url": "", "timestamp": 1745049181.4944484, "title_jp": "", "title_kr": ""}
2025-04-19 16:53:04,872 INFO [1] => {"error": "Game not found for RJ331162", "link": "", "maker": "", "permanent_error": true, "platform": "rj", "primary_tag": "Í∏∞ÌÉÄ", "rating": 0.0, "release_date": "N/A", "rj_code": "RJ331162", "status": "404", "tags": [], "tags_jp": [], "thumbnail_url": "", "timestamp": 1745049182.78763, "title_jp": "", "title_kr": ""}
2025-04-19 16:53:04,872 INFO [2] => {"error": "Game not found for RJ413232", "link": "", "maker": "", "permanent_error": true, "platform": "rj", "primary_tag": "Í∏∞ÌÉÄ", "rating": 0.0, "release_date": "N/A", "rj_code": "RJ413232", "status": "404", "tags": [], "tags_jp": [], "thumbnail_url": "", "timestamp": 1745049184.1623437, "title_jp": "", "title_kr": ""}
2025-04-19 16:53:04,872 DEBUG No match for row 0: rj_code=RJ263090, original=RJ263090 Ïû•ÎÇúÍ∞ê ÏÜåÎÖÄ 2 Blue Witch‚ÜíBlue Bitch.rar
2025-04-19 16:53:04,872 DEBUG No match for row 1: rj_code=RJ331162, original=RJ331162 v1.1.17.7z
2025-04-19 16:53:04,873 DEBUG No match for row 2: rj_code=RJ413232, original=RJ413232[„É¨„Éà„É≠„É©„Éú]ÏïºÎØ∏ÏïºÏãúÌÇ§ Ï≤¥ÌóòÌåê-Î≤àÏó≠1Ï∞®.zip
2025-04-19 16:53:04,873 WARNING ‚ö†Ô∏è Ï≤òÎ¶¨ Ïã§Ìå®Ìïú Ìï≠Î™© 3Í∞ú:
2025-04-19 16:53:04,873 WARNING   ‚ùå [0] RJ263090 Ïû•ÎÇúÍ∞ê ÏÜåÎÖÄ 2 Blue Witch‚ÜíBlue Bitch.rar
2025-04-19 16:53:04,873 WARNING   ‚ùå [1] RJ331162 v1.1.17.7z
2025-04-19 16:53:04,873 WARNING   ‚ùå [2] RJ413232[„É¨„Éà„É≠„É©„Éú]ÏïºÎØ∏ÏïºÏãúÌÇ§ Ï≤¥ÌóòÌåê-Î≤àÏó≠1Ï∞®.zip
2025-04-19 16:53:06,159 DEBUG üîÅ update_select_all_state Ìò∏Ï∂úÎê®
2025-04-19 16:53:06,159 DEBUG    ‚ùé Ï†ÑÏ≤¥ Ìï¥Ï†úÎê® ‚Üí select_all_box.setChecked(False)
2025-04-19 16:53:09,874 DEBUG Starting new HTTPS connection (1): gamesorter-28083845590.us-central1.run.app:443
2025-04-19 16:53:10,590 DEBUG https://gamesorter-28083845590.us-central1.run.app:443 "GET /check_permanent_failure/RJ263090 HTTP/1.1" 200 28
2025-04-19 16:53:10,593 DEBUG Starting new HTTPS connection (1): gamesorter-28083845590.us-central1.run.app:443
2025-04-19 16:53:11,321 DEBUG https://gamesorter-28083845590.us-central1.run.app:443 "GET /check_permanent_failure/RJ331162 HTTP/1.1" 200 28
2025-04-19 16:53:11,324 DEBUG Starting new HTTPS connection (1): gamesorter-28083845590.us-central1.run.app:443
2025-04-19 16:53:12,051 DEBUG https://gamesorter-28083845590.us-central1.run.app:443 "GET /check_permanent_failure/RJ413232 HTTP/1.1" 200 28
2025-04-19 16:53:17,054 DEBUG Sending POST request to https://gamesorter-28083845590.us-central1.run.app/games
2025-04-19 16:53:17,055 DEBUG Starting new HTTPS connection (1): gamesorter-28083845590.us-central1.run.app:443
2025-04-19 16:53:17,739 DEBUG https://gamesorter-28083845590.us-central1.run.app:443 "POST /games HTTP/1.1" 500 48
2025-04-19 16:53:17,740 ERROR Request failed: 500 Server Error: Internal Server Error for url: https://gamesorter-28083845590.us-central1.run.app/games
2025-04-19 16:53:17,740 WARNING Retrying server request (attempt 1/5) after 2.0 seconds
2025-04-19 16:53:19,741 DEBUG Sending POST request to https://gamesorter-28083845590.us-central1.run.app/games
2025-04-19 16:53:19,742 DEBUG Starting new HTTPS connection (1): gamesorter-28083845590.us-central1.run.app:443
2025-04-19 16:53:20,414 DEBUG https://gamesorter-28083845590.us-central1.run.app:443 "POST /games HTTP/1.1" 500 48
2025-04-19 16:53:20,414 ERROR Request failed: 500 Server Error: Internal Server Error for url: https://gamesorter-28083845590.us-central1.run.app/games
2025-04-19 16:53:20,415 WARNING Retrying server request (attempt 2/5) after 2.0 seconds
2025-04-19 16:53:22,417 DEBUG Sending POST request to https://gamesorter-28083845590.us-central1.run.app/games
2025-04-19 16:53:22,419 DEBUG Starting new HTTPS connection (1): gamesorter-28083845590.us-central1.run.app:443
2025-04-19 16:53:23,152 DEBUG https://gamesorter-28083845590.us-central1.run.app:443 "POST /games HTTP/1.1" 500 48
2025-04-19 16:53:23,152 ERROR Request failed: 500 Server Error: Internal Server Error for url: https://gamesorter-28083845590.us-central1.run.app/games
2025-04-19 16:53:23,152 WARNING Retrying server request (attempt 3/5) after 4.0 seconds
2025-04-19 16:53:27,155 DEBUG Sending POST request to https://gamesorter-28083845590.us-central1.run.app/games
2025-04-19 16:53:27,156 DEBUG Starting new HTTPS connection (1): gamesorter-28083845590.us-central1.run.app:443
2025-04-19 16:53:27,867 DEBUG https://gamesorter-28083845590.us-central1.run.app:443 "POST /games HTTP/1.1" 500 48
2025-04-19 16:53:27,868 ERROR Request failed: 500 Server Error: Internal Server Error for url: https://gamesorter-28083845590.us-central1.run.app/games
2025-04-19 16:53:27,868 WARNING Retrying server request (attempt 4/5) after 8.0 seconds
2025-04-19 16:53:35,870 DEBUG Sending POST request to https://gamesorter-28083845590.us-central1.run.app/games
2025-04-19 16:53:35,872 DEBUG Starting new HTTPS connection (1): gamesorter-28083845590.us-central1.run.app:443
2025-04-19 16:53:36,606 DEBUG https://gamesorter-28083845590.us-central1.run.app:443 "POST /games HTTP/1.1" 500 48
2025-04-19 16:53:36,606 ERROR Request failed: 500 Server Error: Internal Server Error for url: https://gamesorter-28083845590.us-central1.run.app/games
2025-04-19 16:53:36,606 ERROR Ïû¨ÏöîÏ≤≠ Ïã§Ìå®: RetryError[<Future at 0x255e0c5d290 state=finished raised HTTPError>]
Traceback (most recent call last):
  File "C:\Users\nothn\AppData\Local\Programs\Python\Python311\Lib\site-packages\tenacity\__init__.py", line 480, in __call__
    result = fn(*args, **kwargs)
             ^^^^^^^^^^^^^^^^^^^
  File "E:\Projects\game-sort\core.py", line 188, in make_request
    response.raise_for_status()
  File "C:\Users\nothn\AppData\Local\Programs\Python\Python311\Lib\site-packages\requests\models.py", line 1021, in raise_for_status
    raise HTTPError(http_error_msg, response=self)
requests.exceptions.HTTPError: 500 Server Error: Internal Server Error for url: https://gamesorter-28083845590.us-central1.run.app/games

The above exception was the direct cause of the following exception:

Traceback (most recent call last):
  File "E:\Projects\game-sort\core.py", line 220, in retry_fetch
    response_retry = self.make_request(
                     ^^^^^^^^^^^^^^^^^^
  File "C:\Users\nothn\AppData\Local\Programs\Python\Python311\Lib\site-packages\tenacity\__init__.py", line 338, in wrapped_f
    return copy(f, *args, **kw)
           ^^^^^^^^^^^^^^^^^^^^
  File "C:\Users\nothn\AppData\Local\Programs\Python\Python311\Lib\site-packages\tenacity\__init__.py", line 477, in __call__
    do = self.iter(retry_state=retry_state)
         ^^^^^^^^^^^^^^^^^^^^^^^^^^^^^^^^^^
  File "C:\Users\nothn\AppData\Local\Programs\Python\Python311\Lib\site-packages\tenacity\__init__.py", line 378, in iter
    result = action(retry_state)
             ^^^^^^^^^^^^^^^^^^^
  File "C:\Users\nothn\AppData\Local\Programs\Python\Python311\Lib\site-packages\tenacity\__init__.py", line 421, in exc_check
    raise retry_exc from fut.exception()
tenacity.RetryError: RetryError[<Future at 0x255e0c5d290 state=finished raised HTTPError>]
